../Core/Src/main.c:80:1:__io_putchar	16	static
../Core/Src/main.c:97:6:ms_delay	16	static
../Core/Src/main.c:105:6:Drive	8	static
../Core/Src/main.c:111:6:Stop	8	static
../Core/Src/main.c:117:6:Reverse	16	static
../Core/Src/main.c:150:6:JoystickSend	4	static
../Core/Src/main.c:169:5:main	8	static
../Core/Src/main.c:244:6:SystemClock_Config	88	static
../Core/Src/main.c:290:13:MX_ADC1_Init	24	static
../Core/Src/main.c:346:13:MX_TIM1_Init	32	static
../Core/Src/main.c:392:13:MX_USART1_UART_Init	8	static
../Core/Src/main.c:425:13:MX_USART2_UART_Init	8	static
../Core/Src/main.c:456:13:MX_DMA_Init	16	static
../Core/Src/main.c:477:13:MX_GPIO_Init	40	static
../Core/Src/main.c:530:6:Error_Handler	4	static,ignoring_inline_asm
