../Core/Src/main.c:113:1:__io_putchar	16	static
../Core/Src/main.c:123:6:TIME_LCD	8	static
../Core/Src/main.c:145:6:delay_us	16	static
../Core/Src/main.c:150:6:delay_ms	16	static
../Core/Src/main.c:156:6:Trig	8	static
../Core/Src/main.c:163:6:WayGame	16	static
../Core/Src/main.c:196:6:Cleargame	16	static
../Core/Src/main.c:231:5:main	8	static
../Core/Src/main.c:297:6:SystemClock_Config	88	static
../Core/Src/main.c:344:13:MX_I2C1_Init	8	static
../Core/Src/main.c:378:13:MX_RTC_Init	24	static
../Core/Src/main.c:448:13:MX_TIM1_Init	32	static
../Core/Src/main.c:494:13:MX_TIM2_Init	48	static
../Core/Src/main.c:552:13:MX_TIM3_Init	32	static
../Core/Src/main.c:597:13:MX_USART1_UART_Init	8	static
../Core/Src/main.c:630:13:MX_USART2_UART_Init	8	static
../Core/Src/main.c:661:13:MX_DMA_Init	16	static
../Core/Src/main.c:679:13:MX_GPIO_Init	40	static
../Core/Src/main.c:734:6:HAL_GPIO_EXTI_Callback	16	static
../Core/Src/main.c:804:6:HAL_RTC_AlarmAEventCallback	16	static
../Core/Src/main.c:809:6:HAL_TIM_IC_CaptureCallback	16	static
../Core/Src/main.c:836:6:Error_Handler	4	static,ignoring_inline_asm
